../Core/Src/stm32f0xx_it.c:73:6:NMI_Handler	8	static
../Core/Src/stm32f0xx_it.c:88:6:HardFault_Handler	8	static
../Core/Src/stm32f0xx_it.c:103:6:SVC_Handler	8	static
../Core/Src/stm32f0xx_it.c:116:6:PendSV_Handler	8	static
../Core/Src/stm32f0xx_it.c:129:6:SysTick_Handler	8	static
../Core/Src/stm32f0xx_it.c:150:6:EXTI0_1_IRQHandler	8	static
../Core/Src/stm32f0xx_it.c:164:6:TIM2_IRQHandler	8	static
../Core/Src/stm32f0xx_it.c:182:6:USART1_IRQHandler	16	static
../Core/Src/stm32f0xx_it.c:210:6:HAL_GPIO_EXTI_Callback	16	static
